advertising budget
advertising start time
base external investor ask rate
business as usual runway
commercial plant capacity
commercial plant capacity input
commercial plant startup period
demo capacity
demoing acceptable rate
demoing failure default recovery time
demoing failure distribution max
demoing management overhead
management response time
max management runway response
minimum runway
pilot and demo response time
pilot capacity
piloting acceptable rate
piloting failure default recovery time
piloting failure distribution max
piloting management overhead
regulatory process starting point
startup demoing period
startup demoing rate
startup piloting period
startup piloting rate
target demo hours
target pilot hours
aversion to NPV deviation
expected continuity of government policy
investor history
investor optimism
number of missed stagegates allowed
payback period multiplier
required internal return
required return multiplier
stagegate length
strategic value to external investors
government capital cost share
government operating cost share
government operating grant period
government production incentive
government research cost share
bioproduct offtake agreement
duration of intellectual property
effectiveness of intellectual property
elasticity of demand
elasticity of supply
expected green premium
initial market size
long term market size
market growth rate
commercial capital cost input
commercial fixed operating cost input
commercial process yield input
commercial variable operating cost input
bioproduct long term price
bioproduct performance advantage
bioproduct price fluctuations
bioproduct price reversion time
custom feedstock long term price change
custom feedstock maximum fluctuation magnitude
custom feedstock periodic fluctuation magnitude
custom feedstock reversion time
custom feedstock starting price
feedstock approval maximum cost
feedstock approval maximum time
feedstock approval required switch
incumbent long term price trend
incumbent market share target economic
incumbent maximum fluctuation
incumbent price response magnitude
incumbent reversion time
incumbent starting price
pathway approval maximum cost
pathway approval maximum time
pathway approval required switch
product approval maximum cost
product approval maximum time
product approval required switch
random stream
researching impact on demoing
researching impact on piloting
retrofit delay
