bioproduct market share mass
current market size economic
current market size mass
long term market share
long term market value
Adopters
NonAdopters
Potential Adopters
abandoning bioproduct
Cumulative Demoing Production
Cumulative Production
prepiloting
pilot plant construction
pilot plant is built
startup piloting complete
piloting ongoing
piloting progress
piloting complete
predemoing
demo plant construction
demo plant is built
regulatory process ongoing
startup demoing completed
demoing ongoing
demoing progress
demoing complete
regulatory delay
precommercial
commercial plant construction
commercial plant is built
commercial plant operation
technology readiness level
stage in progress
BS equity
payback period
NPV at required return
profitability indicator
bioproduct favorability indicator
long term selling price without green premium after market entry
total approval cost
total approval time
in business indicator
internal project cancelled indicator
investing
granting
Total Government Grants
Total Investment
Working Capital
IS production incentive
